1787669672.102824 client started (24959): version 3.2a, socket /tmp/tmux-1000/default, protocol 8
1787669672.102840 on Linux 6.18.33.2-microsoft-standard-WSL2 #1 SMP PREEMPT_DYNAMIC Thu Jun 18 21:54:43 UTC 2026
1787669672.102843 using libevent 2.1.12-stable (poll); ncurses 6.3
1787669672.102850 flags are 0x10010000
1787669672.102852 socket is /tmp/tmux-1000/default
1787669672.102857 trying connect
1787669672.102902 add peer 0x55c34d4066e0: 6 ((nil))
1787669672.103023 sending message 100 to peer 0x55c34d4066e0 (4 bytes)
1787669672.103035 sending message 111 to peer 0x55c34d4066e0 (8 bytes)
1787669672.103038 sending message 101 to peer 0x55c34d4066e0 (16 bytes)
1787669672.103040 sending message 109 to peer 0x55c34d4066e0 (4 bytes)
1787669672.103041 sending message 102 to peer 0x55c34d4066e0 (11 bytes)
1787669672.103042 sending message 108 to peer 0x55c34d4066e0 (30 bytes)
1787669672.103044 sending message 112 to peer 0x55c34d4066e0 (70 bytes)
1787669672.103045 sending message 112 to peer 0x55c34d4066e0 (5 bytes)
1787669672.103047 sending message 112 to peer 0x55c34d4066e0 (5 bytes)
1787669672.103048 sending message 112 to peer 0x55c34d4066e0 (6 bytes)
1787669672.103049 sending message 112 to peer 0x55c34d4066e0 (6 bytes)
1787669672.103050 sending message 112 to peer 0x55c34d4066e0 (11 bytes)
1787669672.103052 sending message 112 to peer 0x55c34d4066e0 (10 bytes)
1787669672.103053 sending message 112 to peer 0x55c34d4066e0 (13 bytes)
1787669672.103054 sending message 112 to peer 0x55c34d4066e0 (13 bytes)
1787669672.103055 sending message 112 to peer 0x55c34d4066e0 (18 bytes)
1787669672.103057 sending message 112 to peer 0x55c34d4066e0 (11 bytes)
1787669672.103058 sending message 112 to peer 0x55c34d4066e0 (21 bytes)
1787669672.103059 sending message 112 to peer 0x55c34d4066e0 (13 bytes)
1787669672.103060 sending message 112 to peer 0x55c34d4066e0 (7 bytes)
1787669672.103062 sending message 112 to peer 0x55c34d4066e0 (13 bytes)
1787669672.103063 sending message 112 to peer 0x55c34d4066e0 (7 bytes)
1787669672.103064 sending message 112 to peer 0x55c34d4066e0 (13 bytes)
1787669672.103065 sending message 112 to peer 0x55c34d4066e0 (9 bytes)
1787669672.103067 sending message 112 to peer 0x55c34d4066e0 (21 bytes)
1787669672.103068 sending message 112 to peer 0x55c34d4066e0 (13 bytes)
1787669672.103069 sending message 112 to peer 0x55c34d4066e0 (8 bytes)
1787669672.103071 sending message 112 to peer 0x55c34d4066e0 (12 bytes)
1787669672.103072 sending message 112 to peer 0x55c34d4066e0 (13 bytes)
1787669672.103074 sending message 112 to peer 0x55c34d4066e0 (9 bytes)
1787669672.103075 sending message 112 to peer 0x55c34d4066e0 (9 bytes)
1787669672.103077 sending message 112 to peer 0x55c34d4066e0 (12 bytes)
1787669672.103078 sending message 112 to peer 0x55c34d4066e0 (8 bytes)
1787669672.103080 sending message 112 to peer 0x55c34d4066e0 (7 bytes)
1787669672.103081 sending message 112 to peer 0x55c34d4066e0 (7 bytes)
1787669672.103083 sending message 112 to peer 0x55c34d4066e0 (9 bytes)
1787669672.103084 sending message 112 to peer 0x55c34d4066e0 (13 bytes)
1787669672.103086 sending message 112 to peer 0x55c34d4066e0 (9 bytes)
1787669672.103088 sending message 112 to peer 0x55c34d4066e0 (15 bytes)
1787669672.103089 sending message 112 to peer 0x55c34d4066e0 (13 bytes)
1787669672.103091 sending message 112 to peer 0x55c34d4066e0 (12 bytes)
1787669672.103092 sending message 112 to peer 0x55c34d4066e0 (8 bytes)
1787669672.103093 sending message 112 to peer 0x55c34d4066e0 (14 bytes)
1787669672.103095 sending message 112 to peer 0x55c34d4066e0 (9 bytes)
1787669672.103096 sending message 112 to peer 0x55c34d4066e0 (10 bytes)
1787669672.103098 sending message 112 to peer 0x55c34d4066e0 (10 bytes)
1787669672.103099 sending message 112 to peer 0x55c34d4066e0 (10 bytes)
1787669672.103100 sending message 112 to peer 0x55c34d4066e0 (10 bytes)
1787669672.103102 sending message 112 to peer 0x55c34d4066e0 (11 bytes)
1787669672.103103 sending message 112 to peer 0x55c34d4066e0 (10 bytes)
1787669672.103105 sending message 112 to peer 0x55c34d4066e0 (8 bytes)
1787669672.103109 sending message 112 to peer 0x55c34d4066e0 (11 bytes)
1787669672.103111 sending message 112 to peer 0x55c34d4066e0 (11 bytes)
1787669672.103112 sending message 112 to peer 0x55c34d4066e0 (11 bytes)
1787669672.103114 sending message 112 to peer 0x55c34d4066e0 (8 bytes)
1787669672.103116 sending message 112 to peer 0x55c34d4066e0 (8 bytes)
1787669672.103117 sending message 112 to peer 0x55c34d4066e0 (8 bytes)
1787669672.103119 sending message 112 to peer 0x55c34d4066e0 (10 bytes)
1787669672.103120 sending message 112 to peer 0x55c34d4066e0 (10 bytes)
1787669672.103122 sending message 112 to peer 0x55c34d4066e0 (10 bytes)
1787669672.103123 sending message 112 to peer 0x55c34d4066e0 (10 bytes)
1787669672.103124 sending message 112 to peer 0x55c34d4066e0 (10 bytes)
1787669672.103126 sending message 112 to peer 0x55c34d4066e0 (11 bytes)
1787669672.103127 sending message 112 to peer 0x55c34d4066e0 (11 bytes)
1787669672.103129 sending message 112 to peer 0x55c34d4066e0 (10 bytes)
1787669672.103130 sending message 112 to peer 0x55c34d4066e0 (9 bytes)
1787669672.103131 sending message 112 to peer 0x55c34d4066e0 (9 bytes)
1787669672.103133 sending message 112 to peer 0x55c34d4066e0 (12 bytes)
1787669672.103135 sending message 112 to peer 0x55c34d4066e0 (9 bytes)
1787669672.103137 sending message 112 to peer 0x55c34d4066e0 (6 bytes)
1787669672.103138 sending message 112 to peer 0x55c34d4066e0 (13 bytes)
1787669672.103139 sending message 112 to peer 0x55c34d4066e0 (8 bytes)
1787669672.103141 sending message 112 to peer 0x55c34d4066e0 (15 bytes)
1787669672.103142 sending message 112 to peer 0x55c34d4066e0 (13 bytes)
1787669672.103144 sending message 112 to peer 0x55c34d4066e0 (70 bytes)
1787669672.103145 sending message 112 to peer 0x55c34d4066e0 (69 bytes)
1787669672.103147 sending message 112 to peer 0x55c34d4066e0 (10 bytes)
1787669672.103148 sending message 112 to peer 0x55c34d4066e0 (8 bytes)
1787669672.103150 sending message 112 to peer 0x55c34d4066e0 (15 bytes)
1787669672.103151 sending message 112 to peer 0x55c34d4066e0 (13 bytes)
1787669672.103152 sending message 112 to peer 0x55c34d4066e0 (10 bytes)
1787669672.103154 sending message 112 to peer 0x55c34d4066e0 (10 bytes)
1787669672.103155 sending message 112 to peer 0x55c34d4066e0 (5 bytes)
1787669672.103157 sending message 112 to peer 0x55c34d4066e0 (15 bytes)
1787669672.103159 sending message 104 to peer 0x55c34d4066e0 (0 bytes)
1787669672.103161 sending message 110 to peer 0x55c34d4066e0 (0 bytes)
1787669672.103162 sending message 107 to peer 0x55c34d4066e0 (4 bytes)
1787669672.103164 sending message 105 to peer 0x55c34d4066e0 (54 bytes)
1787669672.103165 sending message 105 to peer 0x55c34d4066e0 (11 bytes)
1787669672.103167 sending message 105 to peer 0x55c34d4066e0 (19 bytes)
1787669672.103168 sending message 105 to peer 0x55c34d4066e0 (32 bytes)
1787669672.103170 sending message 105 to peer 0x55c34d4066e0 (39 bytes)
1787669672.103171 sending message 105 to peer 0x55c34d4066e0 (20 bytes)
1787669672.103173 sending message 105 to peer 0x55c34d4066e0 (17 bytes)
1787669672.103174 sending message 105 to peer 0x55c34d4066e0 (16 bytes)
1787669672.103176 sending message 105 to peer 0x55c34d4066e0 (13 bytes)
1787669672.103177 sending message 105 to peer 0x55c34d4066e0 (8 bytes)
1787669672.103179 sending message 105 to peer 0x55c34d4066e0 (28 bytes)
1787669672.103180 sending message 105 to peer 0x55c34d4066e0 (14 bytes)
1787669672.103181 sending message 105 to peer 0x55c34d4066e0 (32 bytes)
1787669672.103182 sending message 105 to peer 0x55c34d4066e0 (169 bytes)
1787669672.103184 sending message 105 to peer 0x55c34d4066e0 (39 bytes)
1787669672.103185 sending message 105 to peer 0x55c34d4066e0 (19 bytes)
1787669672.103186 sending message 105 to peer 0x55c34d4066e0 (52 bytes)
1787669672.103187 sending message 105 to peer 0x55c34d4066e0 (16 bytes)
1787669672.103189 sending message 105 to peer 0x55c34d4066e0 (25 bytes)
1787669672.103190 sending message 105 to peer 0x55c34d4066e0 (61 bytes)
1787669672.103191 sending message 105 to peer 0x55c34d4066e0 (19 bytes)
1787669672.103193 sending message 105 to peer 0x55c34d4066e0 (12 bytes)
1787669672.103195 sending message 105 to peer 0x55c34d4066e0 (11 bytes)
1787669672.103197 sending message 105 to peer 0x55c34d4066e0 (2339 bytes)
1787669672.103205 sending message 105 to peer 0x55c34d4066e0 (40 bytes)
1787669672.103207 sending message 105 to peer 0x55c34d4066e0 (34 bytes)
1787669672.103208 sending message 105 to peer 0x55c34d4066e0 (19 bytes)
1787669672.103210 sending message 105 to peer 0x55c34d4066e0 (8 bytes)
1787669672.103211 sending message 105 to peer 0x55c34d4066e0 (21 bytes)
1787669672.103212 sending message 105 to peer 0x55c34d4066e0 (18 bytes)
1787669672.103213 sending message 105 to peer 0x55c34d4066e0 (26 bytes)
1787669672.103214 sending message 105 to peer 0x55c34d4066e0 (36 bytes)
1787669672.103216 sending message 105 to peer 0x55c34d4066e0 (13 bytes)
1787669672.103217 sending message 105 to peer 0x55c34d4066e0 (52 bytes)
1787669672.103218 sending message 105 to peer 0x55c34d4066e0 (11 bytes)
1787669672.103219 sending message 105 to peer 0x55c34d4066e0 (26 bytes)
1787669672.103221 sending message 105 to peer 0x55c34d4066e0 (24 bytes)
1787669672.103222 sending message 105 to peer 0x55c34d4066e0 (33 bytes)
1787669672.103223 sending message 105 to peer 0x55c34d4066e0 (29 bytes)
1787669672.103225 sending message 105 to peer 0x55c34d4066e0 (34 bytes)
1787669672.103226 sending message 105 to peer 0x55c34d4066e0 (53 bytes)
1787669672.103227 sending message 105 to peer 0x55c34d4066e0 (48 bytes)
1787669672.103228 sending message 105 to peer 0x55c34d4066e0 (31 bytes)
1787669672.103230 sending message 105 to peer 0x55c34d4066e0 (27 bytes)
1787669672.103231 sending message 105 to peer 0x55c34d4066e0 (16 bytes)
1787669672.103233 sending message 105 to peer 0x55c34d4066e0 (24 bytes)
1787669672.103234 sending message 105 to peer 0x55c34d4066e0 (20 bytes)
1787669672.103236 sending message 105 to peer 0x55c34d4066e0 (1891 bytes)
1787669672.103238 sending message 105 to peer 0x55c34d4066e0 (10 bytes)
1787669672.103240 sending message 105 to peer 0x55c34d4066e0 (15 bytes)
1787669672.103241 sending message 105 to peer 0x55c34d4066e0 (24 bytes)
1787669672.103243 sending message 105 to peer 0x55c34d4066e0 (23 bytes)
1787669672.103244 sending message 105 to peer 0x55c34d4066e0 (199 bytes)
1787669672.103246 sending message 105 to peer 0x55c34d4066e0 (346 bytes)
1787669672.103248 sending message 106 to peer 0x55c34d4066e0 (0 bytes)
1787669672.103250 sending message 200 to peer 0x55c34d4066e0 (4 bytes)
1787669672.103252 client loop enter
1787669672.103486 peer 0x55c34d4066e0 message 303
1787669672.103501 open write file 2 -
1787669672.103506 sending message 305 to peer 0x55c34d4066e0 (8 bytes)
1787669672.103521 write check file 2
1787669672.103623 peer 0x55c34d4066e0 message 304
1787669672.103643 write 58 to file 2
1787669672.103647 peer 0x55c34d4066e0 message 203
1787669672.103648 file 2 58 bytes left
1787669672.103668 write check file 2
1787669672.103671 client loop exit
